[garenafreefirediamonds.online/free.fire.hack.generator/indexa520.html]
[garenafreefirediamonds.online/free.fire.hack.generator/style_content_locker.css]
[garenafreefirediamonds.online/free.fire.hack.generator/jquery_content_locker.js]
[backblue.gif]
[fade.gif]
[index.html]
[maxcdn.bootstrapcdn.com/font-awesome/4.5.0/css/font-awesome.min.css]
[garenafreefirediamonds.online/free.fire.hack.generator/css/bootstrap.min.css]
[garenafreefirediamonds.online/free.fire.hack.generator/img/favicon.ico]
[garenafreefirediamonds.online/free.fire.hack.generator/css/animate.css]
[garenafreefirediamonds.online/free.fire.hack.generator/css/sweetalert2.min.css]
[garenafreefirediamonds.online/free.fire.hack.generator/css/magnific-popup.css]
[garenafreefirediamonds.online/free.fire.hack.generator/css/fancySelect.css]
[garenafreefirediamonds.online/free.fire.hack.generator/css/style.css]
[garenafreefirediamonds.online/free.fire.hack.generator/img/logo.png]
[garenafreefirediamonds.online/free.fire.hack.generator/img/player.png]
[garenafreefirediamonds.online/free.fire.hack.generator/img/resource-1-img.png]
[garenafreefirediamonds.online/free.fire.hack.generator/img/resource-2-img.png]
[ajax.googleapis.com/ajax/libs/jquery/2.1.4/jquery.min.js]
[ajax.googleapis.com/ajax/libs/jqueryui/1.8.13/jquery-ui.min.js]
[garenafreefirediamonds.online/free.fire.hack.generator/js/bootstrap.min.js]
[garenafreefirediamonds.online/free.fire.hack.generator/js/jquery.countTo.js]
[garenafreefirediamonds.online/free.fire.hack.generator/js/sweetalert2.min.js]
[garenafreefirediamonds.online/free.fire.hack.generator/js/validator.min.js]
[garenafreefirediamonds.online/free.fire.hack.generator/js/com.js]
[garenafreefirediamonds.online/free.fire.hack.generator/js/form-scripts.js]
[garenafreefirediamonds.online/free.fire.hack.generator/js/jquery.magnific-popup.min.js]
[garenafreefirediamonds.online/free.fire.hack.generator/js/sticky.js]
[garenafreefirediamonds.online/free.fire.hack.generator/indexa520.html]
[garenafreefirediamonds.online/free.fire.hack.generator/style_content_locker.html]
[garenafreefirediamonds.online/free.fire.hack.generator/jquery_content_locker.html]
[maxcdn.bootstrapcdn.com/font-awesome/4.5.0/css/font-awesome.min.css]
[garenafreefirediamonds.online/free.fire.hack.generator/js/main.js]
[garenafreefirediamonds.online/free.fire.hack.generator/fonts/glyphicons-halflings-regular.eot]
[garenafreefirediamonds.online/free.fire.hack.generator/fonts/glyphicons-halflings-regulard41dd41d.eot]
[garenafreefirediamonds.online/free.fire.hack.generator/fonts/glyphicons-halflings-regular-2.html]
[garenafreefirediamonds.online/free.fire.hack.generator/fonts/glyphicons-halflings-regular.woff]
[garenafreefirediamonds.online/free.fire.hack.generator/fonts/glyphicons-halflings-regular.ttf]
[garenafreefirediamonds.online/free.fire.hack.generator/fonts/glyphicons-halflings-regular.svg]
[garenafreefirediamonds.online/free.fire.hack.generator/css/bootstrap.min.css]
[garenafreefirediamonds.online/free.fire.hack.generator/css/animate.css]
[garenafreefirediamonds.online/free.fire.hack.generator/css/sweetalert2.min.css]
[garenafreefirediamonds.online/free.fire.hack.generator/css/magnific-popup.css]
[garenafreefirediamonds.online/free.fire.hack.generator/css/fancySelect.css]
[garenafreefirediamonds.online/free.fire.hack.generator/img/main-bg.jpg]
[garenafreefirediamonds.online/free.fire.hack.generator/img/btn-mini-left.png]
[garenafreefirediamonds.online/free.fire.hack.generator/img/btn-mini-right.png]
[garenafreefirediamonds.online/free.fire.hack.generator/img/btn-mini-center.png]
[garenafreefirediamonds.online/free.fire.hack.generator/img/btn-mini-disable-left.png]
[garenafreefirediamonds.online/free.fire.hack.generator/img/btn-mini-disable-right.png]
[garenafreefirediamonds.online/free.fire.hack.generator/img/btn-mini-disable-center.png]
[garenafreefirediamonds.online/free.fire.hack.generator/img/btn-generate-left.png]
[garenafreefirediamonds.online/free.fire.hack.generator/img/btn-generate-right.png]
[garenafreefirediamonds.online/free.fire.hack.generator/img/btn-generate-center.png]
[garenafreefirediamonds.online/free.fire.hack.generator/img/searching.html]
[garenafreefirediamonds.online/free.fire.hack.generator/css/style.css]
[garenafreefirediamonds.online/free.fire.hack.generator/fonts/glyphicons-halflings-regular.html]
[garenafreefirediamonds.online/free.fire.hack.generator/fonts/glyphicons-halflings-regulard41dd41d.html]
[garenafreefirediamonds.online/free.fire.hack.generator/fonts/glyphicons-halflings-regular-2.html]
[garenafreefirediamonds.online/free.fire.hack.generator/fonts/glyphicons-halflings-regular-3.html]
[garenafreefirediamonds.online/free.fire.hack.generator/fonts/glyphicons-halflings-regular-4.html]
[garenafreefirediamonds.online/free.fire.hack.generator/fonts/glyphicons-halflings-regular-5.html]
[garenafreefirediamonds.online/free.fire.hack.generator/img/btn-mini-left.html]
[garenafreefirediamonds.online/free.fire.hack.generator/img/btn-mini-right.html]
[garenafreefirediamonds.online/free.fire.hack.generator/img/btn-mini-center.html]
[garenafreefirediamonds.online/free.fire.hack.generator/img/btn-mini-disable-left.html]
[garenafreefirediamonds.online/free.fire.hack.generator/img/btn-mini-disable-right.html]
[garenafreefirediamonds.online/free.fire.hack.generator/img/btn-mini-disable-center.html]
[garenafreefirediamonds.online/free.fire.hack.generator/img/searching.html]
[d12u7tum9sda5e.cloudfront.net/9581b04.js]
